// Jest Snapshot v1, https://goo.gl/fbAQLP

exports[`Renders Components should render initial layout 1`] = `
Array [
  <Item>
    <ItemContent>
      <ItemDescription>
        Languages: 
        English, Spanish
      </ItemDescription>
    </ItemContent>
  </Item>,
]
`;
